[psd-import-e2e] Vite 起動: port=5303
[psd-import-e2e] [33mThe CJS build of Vite's Node API is deprecated. See https://vite.dev/guide/troubleshooting.html#vite-cjs-node-api-deprecated for more details.[39m
[psd-import-e2e] vite v5.4.21 building for development...
[psd-import-e2e] watching for file changes...
[psd-import-e2e] vite v5.4.21 building for development...
[psd-import-e2e] watching for file changes...
[psd-import-e2e] build started...
[psd-import-e2e] build started...
[psd-import-e2e] VITE v5.4.21  ready in 212 ms
[psd-import-e2e] ➜  Local:   http://localhost:5303/
[psd-import-e2e] ➜  Network: use --host to expose
[psd-import-e2e] transforming...
[psd-import-e2e] transforming...
[psd-import-e2e] ✓ 4 modules transformed.
[psd-import-e2e] rendering chunks...
[psd-import-e2e] computing gzip size...
[psd-import-e2e] dist-electron/preload.js  10.53 kB │ gzip: 2.58 kB
[psd-import-e2e] built in 507ms.
[psd-import-e2e] ✓ 57 modules transformed.
[psd-import-e2e] rendering chunks...
[psd-import-e2e] computing gzip size...
[psd-import-e2e] dist-electron/main.js  245.31 kB │ gzip: 46.82 kB
[psd-import-e2e] built in 762ms.
[psd-import-e2e] Electron 起動: remote-debugging-port=9335 mode=pathB url=http://localhost:5303/?psdImportTrace=1&psdRustImport=1
[psd-import-e2e] DevTools listening on ws://127.0.0.1:9335/devtools/browser/e887b06a-5559-4bbd-8980-3c84f46ddaaa
[psd-import-e2e] [NativeOverlay] attach {"success":true,"attached":true}
[psd-import-e2e] [NativeOverlay] attach {"success":true,"attached":true}
[psd-import-e2e] [NativeOverlay] attach {"success":true,"attached":true}
[psd-import-e2e] 1回目のPSDインポートを実行
[psd-import-e2e] 1回目 完了: {"enabled":true,"marks":{"input":0,"parsed":276.5300000011921,"objectAdded":277.5450000166893,"evaluateReady":333.7350000143051}}
[psd-import-e2e] 2回目のPSDインポートを実行(同一ファイルをもう一枚追加)
[psd-import-e2e] 2回目 完了: {"enabled":true,"marks":{"input":0,"parsed":251.4500000178814,"objectAdded":252.24500000476837,"evaluateReady":272.15000000596046}}
[psd-import-e2e] {
  "passed": true,
  "mode": "pathB",
  "psdPath": "/Users/yuki/GitHub/UX-Film-Director/葵ちゃん.psd",
  "firstImport": {
    "ok": true,
    "importIndex": 1,
    "wallMsToNativePresent": 29757,
    "timelineResult": {
      "ok": true,
      "items": [
        "葵ちゃん.psd   "
      ],
      "matchingCount": 1
    },
    "nativePresentResult": {
      "ok": false,
      "reason": "timeout",
      "dataset": {
        "uxfdRustTimelineSceneRpcStatus": "ready",
        "uxfdRustTimelineSceneRpcProjectId": "4bc993ab-6c40-491b-a73f-9bfb74be7350",
        "uxfdSharedRendererPlanMode": "sharedRenderer",
        "uxfdSharedRendererSurfaceGate": "ok",
        "uxfdSharedRendererCanvasColourSpace": "srgb",
        "uxfdSharedRendererCanvasAlphaMode": "premultiplied",
        "uxfdSharedRendererVideoReadyCount": "0",
        "uxfdSharedRendererVideoPendingCount": "0",
        "uxfdSharedRendererVideoMissingCount": "0",
        "uxfdSharedRendererVideoRustRequiredCount": "0",
        "uxfdSharedRendererPresenterStartCount": "2",
        "uxfdSharedRendererPresenterStatus": "ready",
        "uxfdRustTimelineSceneRpcRequested": "3",
        "uxfdRustTimelineSceneRpcResolved": "3",
        "uxfdRustTimelineSceneRpcStale": "1",
        "uxfdRustTimelineSceneRpcCoalesced": "0",
        "uxfdRustTimelineSceneRpcFailed": "0",
        "uxfdSharedRendererPresenterNativeOverlayAttempt": "ok",
        "uxfdSharedRendererPresenterFormat": "bgra8unorm",
        "uxfdSharedRendererPresenterSwatch": "no-presentation",
        "uxfdSharedRendererPresenterPsdOwner": "pixi",
        "uxfdSharedRendererPresenterPsdCutoverReason": "nativeRenderFrameUnavailable",
        "uxfdSharedRendererPresenterSharedPsdObjectCount": "0"
      },
      "elapsedMs": 20037
    },
    "trace": {
      "enabled": true,
      "marks": {
        "input": 0,
        "parsed": 276.5300000011921,
        "objectAdded": 277.5450000166893,
        "evaluateReady": 333.7350000143051
      }
    },
    "dialogs": []
  },
  "secondImport": {
    "ok": true,
    "importIndex": 2,
    "wallMsToNativePresent": 28803,
    "timelineResult": {
      "ok": true,
      "items": [
        "葵ちゃん.psd   ",
        "葵ちゃん.psd   "
      ],
      "matchingCount": 2
    },
    "nativePresentResult": {
      "ok": false,
      "reason": "timeout",
      "dataset": {
        "uxfdRustTimelineSceneRpcStatus": "ready",
        "uxfdRustTimelineSceneRpcProjectId": "4bc993ab-6c40-491b-a73f-9bfb74be7350",
        "uxfdSharedRendererPlanMode": "sharedRenderer",
        "uxfdSharedRendererSurfaceGate": "ok",
        "uxfdSharedRendererCanvasColourSpace": "srgb",
        "uxfdSharedRendererCanvasAlphaMode": "premultiplied",
        "uxfdSharedRendererVideoReadyCount": "0",
        "uxfdSharedRendererVideoPendingCount": "0",
        "uxfdSharedRendererVideoMissingCount": "0",
        "uxfdSharedRendererVideoRustRequiredCount": "0",
        "uxfdSharedRendererPresenterStartCount": "3",
        "uxfdSharedRendererPresenterStatus": "ready",
        "uxfdSharedRendererPresenterNativeOverlayAttempt": "ok",
        "uxfdRustTimelineSceneRpcRequested": "5",
        "uxfdRustTimelineSceneRpcResolved": "5",
        "uxfdRustTimelineSceneRpcStale": "2",
        "uxfdRustTimelineSceneRpcCoalesced": "0",
        "uxfdRustTimelineSceneRpcFailed": "0",
        "uxfdSharedRendererPresenterFormat": "bgra8unorm",
        "uxfdSharedRendererPresenterSwatch": "no-presentation",
        "uxfdSharedRendererPresenterPsdOwner": "pixi",
        "uxfdSharedRendererPresenterPsdCutoverReason": "nativeRenderFrameUnavailable",
        "uxfdSharedRendererPresenterSharedPsdObjectCount": "0"
      },
      "elapsedMs": 20037
    },
    "trace": {
      "enabled": true,
      "marks": {
        "input": 0,
        "parsed": 251.4500000178814,
        "objectAdded": 252.24500000476837,
        "evaluateReady": 272.15000000596046
      }
    },
    "dialogs": []
  },
  "runtimeErrors": [],
  "processLines": [
    "[psd-import-e2e] Vite 起動: port=5303",
    "[psd-import-e2e] \u001b[33mThe CJS build of Vite's Node API is deprecated. See https://vite.dev/guide/troubleshooting.html#vite-cjs-node-api-deprecated for more details.\u001b[39m",
    "[psd-import-e2e] vite v5.4.21 building for development...",
    "[psd-import-e2e] watching for file changes...",
    "[psd-import-e2e] vite v5.4.21 building for development...",
    "[psd-import-e2e] watching for file changes...",
    "[psd-import-e2e] build started...",
    "[psd-import-e2e] build started...",
    "[psd-import-e2e] VITE v5.4.21  ready in 212 ms",
    "[psd-import-e2e] ➜  Local:   http://localhost:5303/",
    "[psd-import-e2e] ➜  Network: use --host to expose",
    "[psd-import-e2e] transforming...",
    "[psd-import-e2e] transforming...",
    "[psd-import-e2e] ✓ 4 modules transformed.",
    "[psd-import-e2e] rendering chunks...",
    "[psd-import-e2e] computing gzip size...",
    "[psd-import-e2e] dist-electron/preload.js  10.53 kB │ gzip: 2.58 kB",
    "[psd-import-e2e] built in 507ms.",
    "[psd-import-e2e] ✓ 57 modules transformed.",
    "[psd-import-e2e] rendering chunks...",
    "[psd-import-e2e] computing gzip size...",
    "[psd-import-e2e] dist-electron/main.js  245.31 kB │ gzip: 46.82 kB",
    "[psd-import-e2e] built in 762ms.",
    "[psd-import-e2e] Electron 起動: remote-debugging-port=9335 mode=pathB url=http://localhost:5303/?psdImportTrace=1&psdRustImport=1",
    "[psd-import-e2e] DevTools listening on ws://127.0.0.1:9335/devtools/browser/e887b06a-5559-4bbd-8980-3c84f46ddaaa",
    "[psd-import-e2e] [NativeOverlay] attach {\"success\":true,\"attached\":true}",
    "[psd-import-e2e] [NativeOverlay] attach {\"success\":true,\"attached\":true}",
    "[psd-import-e2e] [NativeOverlay] attach {\"success\":true,\"attached\":true}",
    "[psd-import-e2e] 1回目のPSDインポートを実行",
    "[psd-import-e2e] 1回目 完了: {\"enabled\":true,\"marks\":{\"input\":0,\"parsed\":276.5300000011921,\"objectAdded\":277.5450000166893,\"evaluateReady\":333.7350000143051}}",
    "[psd-import-e2e] 2回目のPSDインポートを実行(同一ファイルをもう一枚追加)",
    "[psd-import-e2e] 2回目 完了: {\"enabled\":true,\"marks\":{\"input\":0,\"parsed\":251.4500000178814,\"objectAdded\":252.24500000476837,\"evaluateReady\":272.15000000596046}}"
  ]
}
